// Jest Snapshot v1, https://goo.gl/fbAQLP

exports[`renders correctly 1`] = `
<h1
  className="col-sm-12 justify-content-center header"
>
  <div
    className="textAnimation"
  >
    <b>
      <div
        className="innerTextAnimation"
      >
        Student
        <br />
        Vinmono
        <br />
        Ã˜lmono
        <br />
        Vann
      </div>
    </b>
    <p>
      polet
    </p>
  </div>
</h1>
`;
