// Jest Snapshot v1, https://goo.gl/fbAQLP

exports[`Modal component renders correctly 1`] = `
<div>
  <button
    className="openModalBtn"
    onClick={[Function]}
  >
    Mest populære søk
  </button>
  Loading...
</div>
`;
