// Jest Snapshot v1, https://goo.gl/fbAQLP

exports[`Table component renders correctly 1`] = `
<div
  className="tableContainer"
>
  <div
    className="card"
  >
    Loading...
  </div>
</div>
`;
